# GEMIPM2K v. 2.2.0
# Prototype 22.02.2007
# Comments can be marked with # $ ;

# Template for the dbr-dat text input file for DATABR (node) data
# (should be read only after the DATACH and the IPM-DAT files)

#Section (scalar-1): Controls of the GEM IPM operation and data exchange
# Node identification handle
<NodeHandle>     0
# Node type (hydraulic); see typedef NODETYPE
<NodeTypeHY>     0
# Node type (mass transport); see typedef NODETYPE
<NodeTypeMT>     0
# Node status code FMT; see typedef NODECODEFMT
<NodeStatusFMT>  1
# Node status code CH;  see typedef NODECODECH
<NodeStatusCH>   6
# Number of iterations performed by IPM (output)
<IterDone>       31

##Section (scalar-2): Chemical scalar variables
# Temperature T, K
<TC>   25
# Pressure P, bar
<P>    1
# Volume V of reactive subsystem, m3 (GEM output)
<Vs>   0.000999944
# Volume Vi of inert subsystem, m3
<Vi>   0
# Mass Ms of reactive subsystem,  kg 
<Ms>   0.997033
# Mass Mi of inert subsystem, kg
<Mi>   0
# Enthalpy Hs of reactive subsystem, J 
<Hs>   0
# Enthalpy Hi of inert subsystem, J 
<Hi>   0
# Gibbs energy Gs of reactive subsystem, J
<Gs>   -5295.11
# Effective aqueous ionic strength IS, molal
<IS>   0.000385278
# pH of aqueous solution 
<pH>   9.90996
# pe of aqueous solution
<pe>   10.3367
# Eh of aqueous solution, V
<Eh>   0.610285

## FMT scalar variables (used only on the level of NodeArray)
# actual total simulation time Tm, s
<Tm>   0
# actual time step dt, s
<dt>   0
# General diffusivity Dif of disolved matter in the mode, m2/s
<Dif>  0
# total volume Vt of the node (voxel), m3
<Vt>   0
# advection velocity vp in this node, m/s
<vp>   0
#  effective (actual) porosity eps, normalized to 1
<eps>  0
# actual permeability Km, m2
<Km>   0
# actual DARCY`s constant Kf, m2/s
<Kf>   0
# specific storage coefficient S, dimensionless
<S>    0
# transmissivity Tr, m2/s
<Tr>   0
# actual hydraulic head h (hydraulic potential), m
<h>    0
# actual carrier density rho for density-driven flow, kg/m3
<rho>  0
# specific longitudinal dispersivity al of porous media, m
<al>   0
# specific transversal dispersivity at of porous media, m
<at>   0
# specific vertical dispersivity av of porous media, m
<av>   0
# hydraulic longitudinal dispersivity hDl, m2/s
<hDl>  0
# hydraulic transversal dispersivity hDt, m2/s
<hDt>  0
# hydraulic vertical dispersivity hDv, m2/s
<hDv>  0
# tortuosity factor nto, dimensionless
<nto>  0

### Arrays - for dimensions and index lists, see Section (2) of DATACH file

## IC data section
# Bulk composition bIC of the reactive part of the node (GEM input, moles)
<bIC>
3.309999883640557528e-04 3.309999883640557528e-04 2.000000023372194846e-07 1.106836964176732749e+02 1.000000011686097423e-07 5.534286120880122439e+01 0.000000000000000000e+00 

# Mass balance residuals rMB of GEM solution (GEM output, moles)
<rMB>
-2.137120233385025880e-13 6.911788849595090767e-18 0.000000000000000000e+00 1.321609488513786346e-12 -2.136497236545368601e-13 4.335444872029248220e-12 -2.136602990374088426e-13 

# Dual chemical potentials uIC (GEM output, normalized)
<uIC>
-1.684503289787913900e+02 -2.797380991967101522e+02 -4.460472714162539631e+01 -4.661974932961472717e+01 -2.469956137617985519e+02 -2.437854866678025534e+00 2.380122643612508071e+01 

## DC data section
# Speciation xDC (amounts of DCs in equilibrium state) - GEM output, moles
<xDC>
5.532197887610984993e-06 1.129887736508015429e-07 1.165898928315421018e-04 1.470558595511100309e-07 2.555449948291372299e-09 8.426951005691812837e-11 9.475005574089708430e-08 2.610439619088028718e-09 2.242155821273586364e-08 3.380445690410429689e-05 
8.290743072303678393e-05 0.000000000000000000e+00 0.000000000000000000e+00 2.000000023372194846e-07 0.000000000000000000e+00 9.999997635560607030e-06 8.291580581923108659e-05 1.254495769881244767e-10 5.534176516578531135e+01 0.000000000000000000e+00 
0.000000000000000000e+00 0.000000000000000000e+00 0.000000000000000000e+00 0.000000000000000000e+00 2.086178530116938575e-04 0.000000000000000000e+00 0.000000000000000000e+00 0.000000000000000000e+00 

# Activity coefficients gam of Dependent Components, GEM output
<gam>
1.000000000000000000e+00 9.777204319464846138e-01 9.138160126416617901e-01 9.777204319464846138e-01 1.000000000000000000e+00 9.777204319464846138e-01 9.138160126416617901e-01 9.777204319464846138e-01 1.000000000000000000e+00 9.138160126416617901e-01 
9.777204319464846138e-01 1.000000000000000000e+00 9.777204319464846138e-01 9.777204319464846138e-01 1.000000000000000000e+00 1.000000000000000000e+00 9.777204319464846138e-01 9.777204319464846138e-01 1.000000000000000000e+00 1.000000000000000000e+00 
1.000000000000000000e+00 1.000000000000000000e+00 1.000000000000000000e+00 1.000000000000000000e+00 1.000000000000000000e+00 1.000000000000000000e+00 1.000000000000000000e+00 1.000000000000000000e+00 

# Lower metastability constraints dll on amounts in xDC (GEM input, moles)
<dll>
0.000000000000000000e+00 0.000000000000000000e+00 0.000000000000000000e+00 0.000000000000000000e+00 0.000000000000000000e+00 0.000000000000000000e+00 0.000000000000000000e+00 0.000000000000000000e+00 0.000000000000000000e+00 0.000000000000000000e+00 
0.000000000000000000e+00 0.000000000000000000e+00 0.000000000000000000e+00 0.000000000000000000e+00 0.000000000000000000e+00 0.000000000000000000e+00 0.000000000000000000e+00 0.000000000000000000e+00 0.000000000000000000e+00 0.000000000000000000e+00 
0.000000000000000000e+00 0.000000000000000000e+00 0.000000000000000000e+00 0.000000000000000000e+00 0.000000000000000000e+00 0.000000000000000000e+00 0.000000000000000000e+00 0.000000000000000000e+00 

# Upper metastability constraints dul on amounts in xDC (GEM input, moles)
<dul>
1.000000000000000000e+06 1.000000000000000000e+06 1.000000000000000000e+06 1.000000000000000000e+06 1.000000000000000000e+06 1.000000000000000000e+06 1.000000000000000000e+06 1.000000000000000000e+06 1.000000000000000000e+06 1.000000000000000000e+06 
1.000000000000000000e+06 1.000000000000000000e+06 1.000000000000000000e+06 1.000000000000000000e+06 1.000000000000000000e+06 1.000000000000000000e+06 1.000000000000000000e+06 1.000000000000000000e+06 1.000000000000000000e+06 1.000000000000000000e+06 
1.000000000000000000e+06 1.000000000000000000e+06 1.000000000000000000e+06 1.000000000000000000e+06 1.000000000000000000e+06 1.000000000000000000e+06 1.000000000000000000e+06 1.000000000000000000e+06 

## Phase data section
# Specific surface areas of phases aPH (m2/g) - GEM input
<aPH>
0.000000000000000000e+00 0.000000000000000000e+00 0.000000000000000000e+00 0.000000000000000000e+00 0.000000000000000000e+00 0.000000000000000000e+00 0.000000000000000000e+00 

# Amounts of phases in equilibrium state xPH (GEM output, moles)
<xPH>
5.534209749815897084e+01 0.000000000000000000e+00 0.000000000000000000e+00 2.086178530116938575e-04 0.000000000000000000e+00 0.000000000000000000e+00 0.000000000000000000e+00 

# Volumes of the multicomponent phases vPS (cm3), GEM output
<vPS>
9.999364714258271079e+02 0.000000000000000000e+00 

# Masses of the multicomponent phases mPS (g), GEM output
<mPS>
9.970125783696827284e+02 0.000000000000000000e+00 

# Bulk elemental compositions of multicomponent phases bPS (GEM output, moles)
<bPS>
1.223821355660739457e-04 1.223821353523549835e-04 2.000000023372194846e-07 1.106836964176719533e+02 1.000002148183333973e-07 5.534223535523783966e+01 2.136602990374088426e-13 0.000000000000000000e+00 0.000000000000000000e+00 0.000000000000000000e+00 
0.000000000000000000e+00 0.000000000000000000e+00 0.000000000000000000e+00 0.000000000000000000e+00 

# Amounts of carrier xPA (sorbent or solvent) in multicomponent phases
<xPA>
5.534176516578531135e+01 0.000000000000000000e+00 

# reserved

# End of file
